{"type":"div","key":null,"ref":null,"props":{"children":[{"type":"div","key":null,"ref":null,"props":{"style":{"backgroundImage":"url(\"undefined\")"},"children":[{"type":"img","key":null,"ref":null,"props":{"src":"url(\"undefined\")","alt":""},"_owner":null,"_store":{}},{"type":"div","key":null,"ref":null,"props":{"id":"foo","children":"New"},"_owner":null,"_store":{}},{"type":"div","key":null,"ref":null,"props":{"children":["Auction ",null]},"_owner":null,"_store":{}}]},"_owner":null,"_store":{}},{"type":"div","key":null,"ref":null,"props":{},"_owner":null,"_store":{}}]},"_owner":null,"_store":{}}